Info: Start Nativelink Simulation process

========= EDA Simulation Settings =====================

Sim Mode              :  Gate
Family                :  cyclonev
Quartus root          :  e:/intelfpga/23.1std/quartus/bin64/
Quartus sim root      :  e:/intelfpga/23.1std/quartus/eda/sim_lib
Simulation Tool       :  questa intel fpga
Simulation Language   :  systemverilog
Simulation Mode       :  GUI
Sim Output File       :  Gambling_Tec.svo
Sim SDF file          :  Gambling_Tec__verilog.sdo
Sim dir               :  simulation\questa

=======================================================

Info: Starting NativeLink simulation with Questa Intel FPGA software
Sourced NativeLink script e:/intelfpga/23.1std/quartus/common/tcl/internal/nativelink/modelsim.tcl
Warning: File Gambling_Tec_run_msim_gate_systemverilog.do already exists - backing up current file as Gambling_Tec_run_msim_gate_systemverilog.do.bak
Info: Spawning Questa Intel FPGA Simulation software 
Info: NativeLink simulation flow was successful
