------------------------------------------------------------
Timing Analyzer Summary
------------------------------------------------------------

Type  : Slow 1100mV 85C Model Setup 'Vga_Controller:vga_control|clk_div:clkdiv|clk25'
Slack : -2.590
TNS   : -5.180

Type  : Slow 1100mV 85C Model Setup 'clk'
Slack : -2.546
TNS   : -2.546

Type  : Slow 1100mV 85C Model Setup 'clk_div:div_clo|clk25'
Slack : -2.337
TNS   : -102.397

Type  : Slow 1100mV 85C Model Hold 'clk_div:div_clo|clk25'
Slack : 0.603
TNS   : 0.000

Type  : Slow 1100mV 85C Model Hold 'Vga_Controller:vga_control|clk_div:clkdiv|clk25'
Slack : 0.788
TNS   : 0.000

Type  : Slow 1100mV 85C Model Hold 'clk'
Slack : 0.862
TNS   : 0.000

Type  : Slow 1100mV 85C Model Recovery 'clk_div:div_clo|clk25'
Slack : -2.286
TNS   : -49.846

Type  : Slow 1100mV 85C Model Removal 'clk_div:div_clo|clk25'
Slack : 1.004
TNS   : 0.000

Type  : Slow 1100mV 85C Model Minimum Pulse Width 'clk'
Slack : -0.645
TNS   : -1.060

Type  : Slow 1100mV 85C Model Minimum Pulse Width 'clk_div:div_clo|clk25'
Slack : -0.394
TNS   : -29.579

Type  : Slow 1100mV 85C Model Minimum Pulse Width 'Vga_Controller:vga_control|clk_div:clkdiv|clk25'
Slack : -0.394
TNS   : -1.040

Type  : Slow 1100mV 0C Model Setup 'Vga_Controller:vga_control|clk_div:clkdiv|clk25'
Slack : -2.445
TNS   : -4.890

Type  : Slow 1100mV 0C Model Setup 'clk_div:div_clo|clk25'
Slack : -2.384
TNS   : -98.667

Type  : Slow 1100mV 0C Model Setup 'clk'
Slack : -2.382
TNS   : -2.382

Type  : Slow 1100mV 0C Model Hold 'clk_div:div_clo|clk25'
Slack : 0.628
TNS   : 0.000

Type  : Slow 1100mV 0C Model Hold 'clk'
Slack : 0.752
TNS   : 0.000

Type  : Slow 1100mV 0C Model Hold 'Vga_Controller:vga_control|clk_div:clkdiv|clk25'
Slack : 0.814
TNS   : 0.000

Type  : Slow 1100mV 0C Model Recovery 'clk_div:div_clo|clk25'
Slack : -2.155
TNS   : -47.936

Type  : Slow 1100mV 0C Model Removal 'clk_div:div_clo|clk25'
Slack : 1.074
TNS   : 0.000

Type  : Slow 1100mV 0C Model Minimum Pulse Width 'clk'
Slack : -0.692
TNS   : -1.179

Type  : Slow 1100mV 0C Model Minimum Pulse Width 'clk_div:div_clo|clk25'
Slack : -0.394
TNS   : -27.797

Type  : Slow 1100mV 0C Model Minimum Pulse Width 'Vga_Controller:vga_control|clk_div:clkdiv|clk25'
Slack : -0.394
TNS   : -1.144

Type  : Fast 1100mV 85C Model Setup 'clk'
Slack : -2.045
TNS   : -2.045

Type  : Fast 1100mV 85C Model Setup 'Vga_Controller:vga_control|clk_div:clkdiv|clk25'
Slack : -1.120
TNS   : -2.240

Type  : Fast 1100mV 85C Model Setup 'clk_div:div_clo|clk25'
Slack : -1.115
TNS   : -47.192

Type  : Fast 1100mV 85C Model Hold 'Vga_Controller:vga_control|clk_div:clkdiv|clk25'
Slack : 0.324
TNS   : 0.000

Type  : Fast 1100mV 85C Model Hold 'clk_div:div_clo|clk25'
Slack : 0.359
TNS   : 0.000

Type  : Fast 1100mV 85C Model Hold 'clk'
Slack : 0.939
TNS   : 0.000

Type  : Fast 1100mV 85C Model Recovery 'clk_div:div_clo|clk25'
Slack : -1.062
TNS   : -21.892

Type  : Fast 1100mV 85C Model Removal 'clk_div:div_clo|clk25'
Slack : 0.466
TNS   : 0.000

Type  : Fast 1100mV 85C Model Minimum Pulse Width 'clk'
Slack : -0.750
TNS   : -1.316

Type  : Fast 1100mV 85C Model Minimum Pulse Width 'clk_div:div_clo|clk25'
Slack : 0.046
TNS   : 0.000

Type  : Fast 1100mV 85C Model Minimum Pulse Width 'Vga_Controller:vga_control|clk_div:clkdiv|clk25'
Slack : 0.122
TNS   : 0.000

Type  : Fast 1100mV 0C Model Setup 'clk'
Slack : -1.704
TNS   : -1.704

Type  : Fast 1100mV 0C Model Setup 'clk_div:div_clo|clk25'
Slack : -0.972
TNS   : -40.165

Type  : Fast 1100mV 0C Model Setup 'Vga_Controller:vga_control|clk_div:clkdiv|clk25'
Slack : -0.966
TNS   : -1.932

Type  : Fast 1100mV 0C Model Hold 'Vga_Controller:vga_control|clk_div:clkdiv|clk25'
Slack : 0.247
TNS   : 0.000

Type  : Fast 1100mV 0C Model Hold 'clk_div:div_clo|clk25'
Slack : 0.297
TNS   : 0.000

Type  : Fast 1100mV 0C Model Hold 'clk'
Slack : 0.678
TNS   : 0.000

Type  : Fast 1100mV 0C Model Recovery 'clk_div:div_clo|clk25'
Slack : -0.904
TNS   : -18.601

Type  : Fast 1100mV 0C Model Removal 'clk_div:div_clo|clk25'
Slack : 0.436
TNS   : 0.000

Type  : Fast 1100mV 0C Model Minimum Pulse Width 'clk'
Slack : -0.797
TNS   : -1.468

Type  : Fast 1100mV 0C Model Minimum Pulse Width 'clk_div:div_clo|clk25'
Slack : 0.070
TNS   : 0.000

Type  : Fast 1100mV 0C Model Minimum Pulse Width 'Vga_Controller:vga_control|clk_div:clkdiv|clk25'
Slack : 0.139
TNS   : 0.000

------------------------------------------------------------
